// Jest Snapshot v1, https://goo.gl/fbAQLP

exports[`Prueba de Todo List debe de mostrar correctamente 1`] = `
<ul
  className="list-group list-group-flush"
>
  <TodoListItem
    handleDelete={[MockFunction]}
    handleToogle={[MockFunction]}
    index={0}
    key="1"
    todo={
      Object {
        "estado": false,
        "id": 1,
        "tarea": "Aprender Mongo",
      }
    }
  />
  <TodoListItem
    handleDelete={[MockFunction]}
    handleToogle={[MockFunction]}
    index={1}
    key="2"
    todo={
      Object {
        "estado": false,
        "id": 2,
        "tarea": "Aprender Firebase",
      }
    }
  />
</ul>
`;
